2026-10-06 10:04:47,951 [trainer.py] => config: exps\adapter_cifar224_semantic_drift_smoke.json
2026-10-06 10:04:47,951 [trainer.py] => prefix: adapter_semantic_drift_smoke
2026-10-06 10:04:47,951 [trainer.py] => dataset: cifar224
2026-10-06 10:04:47,952 [trainer.py] => save_checkpoints: False
2026-10-06 10:04:47,952 [trainer.py] => resume: False
2026-10-06 10:04:47,952 [trainer.py] => isolate_runs: True
2026-10-06 10:04:47,952 [trainer.py] => max_tasks_per_run: 1
2026-10-06 10:04:47,952 [trainer.py] => eval_interval: 0
2026-10-06 10:04:47,952 [trainer.py] => ca_eval_interval: 0
2026-10-06 10:04:47,952 [trainer.py] => num_workers: 2
2026-10-06 10:04:47,953 [trainer.py] => stats_num_workers: 2
2026-10-06 10:04:47,953 [trainer.py] => pin_memory: True
2026-10-06 10:04:47,953 [trainer.py] => persistent_workers: True
2026-10-06 10:04:47,953 [trainer.py] => shuffle: True
2026-10-06 10:04:47,953 [trainer.py] => ssca: True
2026-10-06 10:04:47,953 [trainer.py] => ca: True
2026-10-06 10:04:47,954 [trainer.py] => init_cls: 10
2026-10-06 10:04:47,954 [trainer.py] => increment: 10
2026-10-06 10:04:47,954 [trainer.py] => model_name: adapter
2026-10-06 10:04:47,954 [trainer.py] => convnet_type: pretrained_vit_b16_224_in21k_adapter
2026-10-06 10:04:47,954 [trainer.py] => device: [device(type='cuda', index=0)]
2026-10-06 10:04:47,954 [trainer.py] => seed: 1993
2026-10-06 10:04:47,954 [trainer.py] => init_epochs: 1
2026-10-06 10:04:47,954 [trainer.py] => warmup_epoch: 1
2026-10-06 10:04:47,954 [trainer.py] => inc_epochs: 1
2026-10-06 10:04:47,955 [trainer.py] => ca_epochs: 1
2026-10-06 10:04:47,955 [trainer.py] => init_lr: 0.018461273665041644
2026-10-06 10:04:47,955 [trainer.py] => batch_size: 16
2026-10-06 10:04:47,955 [trainer.py] => weight_decay: 0.0001714081878951529
2026-10-06 10:04:47,955 [trainer.py] => min_lr: 0
2026-10-06 10:04:47,955 [trainer.py] => ffn_num: 64
2026-10-06 10:04:47,955 [trainer.py] => optimizer: sgd
2026-10-06 10:04:47,956 [trainer.py] => scale: 40.0
2026-10-06 10:04:47,956 [trainer.py] => margin: 0.1
2026-10-06 10:04:47,956 [trainer.py] => alpha: 0.5
2026-10-06 10:04:47,956 [trainer.py] => rs_margin: 0.3
2026-10-06 10:04:47,956 [trainer.py] => lambda_rs: 0.2
2026-10-06 10:04:47,956 [trainer.py] => beta: 1.0
2026-10-06 10:04:47,956 [trainer.py] => gamma: 0.4
2026-10-06 10:04:47,956 [trainer.py] => ae_code_dims: 256
2026-10-06 10:04:47,957 [trainer.py] => ae_init_lr: 0.0005611742230603744
2026-10-06 10:04:47,957 [trainer.py] => ae_weight_decay: 0.0029339295871570244
2026-10-06 10:04:47,957 [trainer.py] => semantic_drift: {'enabled': True, 'probe_source': 'test', 'probe_mode': 'test', 'max_samples_per_class': 4}
2026-10-06 10:17:16,524 [data_manager.py] => [68, 56, 78, 8, 23, 84, 90, 65, 74, 76, 40, 89, 3, 92, 55, 9, 26, 80, 43, 38, 58, 70, 77, 1, 85, 19, 17, 50, 28, 53, 13, 81, 45, 82, 6, 59, 83, 16, 15, 44, 91, 41, 72, 60, 79, 52, 20, 10, 31, 54, 37, 95, 14, 71, 96, 98, 97, 2, 64, 66, 42, 22, 35, 86, 24, 34, 87, 21, 99, 0, 88, 27, 18, 94, 11, 12, 47, 25, 30, 46, 62, 69, 36, 61, 7, 63, 75, 5, 32, 4, 51, 48, 73, 93, 39, 67, 29, 49, 57, 33]
2026-10-06 10:18:27,420 [trainer.py] => config: exps\adapter_cifar224_semantic_drift_smoke.json
2026-10-06 10:18:27,421 [trainer.py] => prefix: adapter_semantic_drift_smoke
2026-10-06 10:18:27,421 [trainer.py] => dataset: cifar224
2026-10-06 10:18:27,421 [trainer.py] => save_checkpoints: False
2026-10-06 10:18:27,421 [trainer.py] => resume: False
2026-10-06 10:18:27,421 [trainer.py] => isolate_runs: True
2026-10-06 10:18:27,422 [trainer.py] => max_tasks_per_run: 1
2026-10-06 10:18:27,422 [trainer.py] => eval_interval: 0
2026-10-06 10:18:27,422 [trainer.py] => ca_eval_interval: 0
2026-10-06 10:18:27,422 [trainer.py] => num_workers: 2
2026-10-06 10:18:27,422 [trainer.py] => stats_num_workers: 2
2026-10-06 10:18:27,422 [trainer.py] => pin_memory: True
2026-10-06 10:18:27,422 [trainer.py] => persistent_workers: True
2026-10-06 10:18:27,422 [trainer.py] => shuffle: True
2026-10-06 10:18:27,422 [trainer.py] => ssca: True
2026-10-06 10:18:27,422 [trainer.py] => ca: True
2026-10-06 10:18:27,422 [trainer.py] => init_cls: 10
2026-10-06 10:18:27,422 [trainer.py] => increment: 10
2026-10-06 10:18:27,422 [trainer.py] => model_name: adapter
2026-10-06 10:18:27,422 [trainer.py] => convnet_type: pretrained_vit_b16_224_in21k_adapter
2026-10-06 10:18:27,422 [trainer.py] => device: [device(type='cuda', index=0)]
2026-10-06 10:18:27,423 [trainer.py] => seed: 1993
2026-10-06 10:18:27,423 [trainer.py] => init_epochs: 1
2026-10-06 10:18:27,423 [trainer.py] => warmup_epoch: 1
2026-10-06 10:18:27,423 [trainer.py] => inc_epochs: 1
2026-10-06 10:18:27,423 [trainer.py] => ca_epochs: 1
2026-10-06 10:18:27,423 [trainer.py] => init_lr: 0.018461273665041644
2026-10-06 10:18:27,423 [trainer.py] => batch_size: 16
2026-10-06 10:18:27,423 [trainer.py] => weight_decay: 0.0001714081878951529
2026-10-06 10:18:27,424 [trainer.py] => min_lr: 0
2026-10-06 10:18:27,424 [trainer.py] => ffn_num: 64
2026-10-06 10:18:27,424 [trainer.py] => optimizer: sgd
2026-10-06 10:18:27,424 [trainer.py] => scale: 40.0
2026-10-06 10:18:27,424 [trainer.py] => margin: 0.1
2026-10-06 10:18:27,424 [trainer.py] => alpha: 0.5
2026-10-06 10:18:27,424 [trainer.py] => rs_margin: 0.3
2026-10-06 10:18:27,424 [trainer.py] => lambda_rs: 0.2
2026-10-06 10:18:27,424 [trainer.py] => beta: 1.0
2026-10-06 10:18:27,424 [trainer.py] => gamma: 0.4
2026-10-06 10:18:27,424 [trainer.py] => ae_code_dims: 256
2026-10-06 10:18:27,424 [trainer.py] => ae_init_lr: 0.0005611742230603744
2026-10-06 10:18:27,424 [trainer.py] => ae_weight_decay: 0.0029339295871570244
2026-10-06 10:18:27,424 [trainer.py] => semantic_drift: {'enabled': True, 'probe_source': 'test', 'probe_mode': 'test', 'max_samples_per_class': 4}
2026-10-06 10:18:29,839 [data_manager.py] => [68, 56, 78, 8, 23, 84, 90, 65, 74, 76, 40, 89, 3, 92, 55, 9, 26, 80, 43, 38, 58, 70, 77, 1, 85, 19, 17, 50, 28, 53, 13, 81, 45, 82, 6, 59, 83, 16, 15, 44, 91, 41, 72, 60, 79, 52, 20, 10, 31, 54, 37, 95, 14, 71, 96, 98, 97, 2, 64, 66, 42, 22, 35, 86, 24, 34, 87, 21, 99, 0, 88, 27, 18, 94, 11, 12, 47, 25, 30, 46, 62, 69, 36, 61, 7, 63, 75, 5, 32, 4, 51, 48, 73, 93, 39, 67, 29, 49, 57, 33]
2026-10-06 10:18:56,400 [trainer.py] => config: exps\adapter_cifar224_semantic_drift_smoke.json
2026-10-06 10:18:56,401 [trainer.py] => prefix: adapter_semantic_drift_smoke
2026-10-06 10:18:56,402 [trainer.py] => dataset: cifar224
2026-10-06 10:18:56,402 [trainer.py] => save_checkpoints: False
2026-10-06 10:18:56,402 [trainer.py] => resume: False
2026-10-06 10:18:56,403 [trainer.py] => isolate_runs: True
2026-10-06 10:18:56,403 [trainer.py] => max_tasks_per_run: 1
2026-10-06 10:18:56,404 [trainer.py] => eval_interval: 0
2026-10-06 10:18:56,404 [trainer.py] => ca_eval_interval: 0
2026-10-06 10:18:56,404 [trainer.py] => num_workers: 2
2026-10-06 10:18:56,405 [trainer.py] => stats_num_workers: 2
2026-10-06 10:18:56,405 [trainer.py] => pin_memory: True
2026-10-06 10:18:56,405 [trainer.py] => persistent_workers: True
2026-10-06 10:18:56,406 [trainer.py] => shuffle: True
2026-10-06 10:18:56,406 [trainer.py] => ssca: True
2026-10-06 10:18:56,406 [trainer.py] => ca: True
2026-10-06 10:18:56,406 [trainer.py] => init_cls: 10
2026-10-06 10:18:56,407 [trainer.py] => increment: 10
2026-10-06 10:18:56,407 [trainer.py] => model_name: adapter
2026-10-06 10:18:56,407 [trainer.py] => convnet_type: pretrained_vit_b16_224_in21k_adapter
2026-10-06 10:18:56,408 [trainer.py] => device: [device(type='cuda', index=0)]
2026-10-06 10:18:56,408 [trainer.py] => seed: 1993
2026-10-06 10:18:56,408 [trainer.py] => init_epochs: 1
2026-10-06 10:18:56,408 [trainer.py] => warmup_epoch: 1
2026-10-06 10:18:56,409 [trainer.py] => inc_epochs: 1
2026-10-06 10:18:56,409 [trainer.py] => ca_epochs: 1
2026-10-06 10:18:56,409 [trainer.py] => init_lr: 0.018461273665041644
2026-10-06 10:18:56,410 [trainer.py] => batch_size: 16
2026-10-06 10:18:56,410 [trainer.py] => weight_decay: 0.0001714081878951529
2026-10-06 10:18:56,410 [trainer.py] => min_lr: 0
2026-10-06 10:18:56,410 [trainer.py] => ffn_num: 64
2026-10-06 10:18:56,411 [trainer.py] => optimizer: sgd
2026-10-06 10:18:56,411 [trainer.py] => scale: 40.0
2026-10-06 10:18:56,411 [trainer.py] => margin: 0.1
2026-10-06 10:18:56,411 [trainer.py] => alpha: 0.5
2026-10-06 10:18:56,411 [trainer.py] => rs_margin: 0.3
2026-10-06 10:18:56,411 [trainer.py] => lambda_rs: 0.2
2026-10-06 10:18:56,411 [trainer.py] => beta: 1.0
2026-10-06 10:18:56,411 [trainer.py] => gamma: 0.4
2026-10-06 10:18:56,411 [trainer.py] => ae_code_dims: 256
2026-10-06 10:18:56,412 [trainer.py] => ae_init_lr: 0.0005611742230603744
2026-10-06 10:18:56,412 [trainer.py] => ae_weight_decay: 0.0029339295871570244
2026-10-06 10:18:56,412 [trainer.py] => semantic_drift: {'enabled': True, 'probe_source': 'test', 'probe_mode': 'test', 'max_samples_per_class': 4}
2026-10-06 10:18:58,547 [data_manager.py] => [68, 56, 78, 8, 23, 84, 90, 65, 74, 76, 40, 89, 3, 92, 55, 9, 26, 80, 43, 38, 58, 70, 77, 1, 85, 19, 17, 50, 28, 53, 13, 81, 45, 82, 6, 59, 83, 16, 15, 44, 91, 41, 72, 60, 79, 52, 20, 10, 31, 54, 37, 95, 14, 71, 96, 98, 97, 2, 64, 66, 42, 22, 35, 86, 24, 34, 87, 21, 99, 0, 88, 27, 18, 94, 11, 12, 47, 25, 30, 46, 62, 69, 36, 61, 7, 63, 75, 5, 32, 4, 51, 48, 73, 93, 39, 67, 29, 49, 57, 33]
2026-10-06 10:20:50,266 [trainer.py] => prefix: adapter_semantic_drift_smoke
2026-10-06 10:20:50,267 [trainer.py] => dataset: cifar224
2026-10-06 10:20:50,267 [trainer.py] => save_checkpoints: False
2026-10-06 10:20:50,268 [trainer.py] => resume: False
2026-10-06 10:20:50,268 [trainer.py] => isolate_runs: True
2026-10-06 10:20:50,269 [trainer.py] => max_tasks_per_run: 2
2026-10-06 10:20:50,270 [trainer.py] => eval_interval: 0
2026-10-06 10:20:50,270 [trainer.py] => ca_eval_interval: 0
2026-10-06 10:20:50,271 [trainer.py] => num_workers: 2
2026-10-06 10:20:50,271 [trainer.py] => stats_num_workers: 2
2026-10-06 10:20:50,271 [trainer.py] => pin_memory: True
2026-10-06 10:20:50,272 [trainer.py] => persistent_workers: True
2026-10-06 10:20:50,272 [trainer.py] => shuffle: True
2026-10-06 10:20:50,273 [trainer.py] => ssca: True
2026-10-06 10:20:50,273 [trainer.py] => ca: True
2026-10-06 10:20:50,274 [trainer.py] => init_cls: 10
2026-10-06 10:20:50,274 [trainer.py] => increment: 10
2026-10-06 10:20:50,274 [trainer.py] => model_name: adapter
2026-10-06 10:20:50,274 [trainer.py] => convnet_type: pretrained_vit_b16_224_in21k_adapter
2026-10-06 10:20:50,275 [trainer.py] => device: [device(type='cuda', index=0)]
2026-10-06 10:20:50,275 [trainer.py] => seed: 1993
2026-10-06 10:20:50,276 [trainer.py] => init_epochs: 1
2026-10-06 10:20:50,276 [trainer.py] => warmup_epoch: 1
2026-10-06 10:20:50,276 [trainer.py] => inc_epochs: 1
2026-10-06 10:20:50,277 [trainer.py] => ca_epochs: 1
2026-10-06 10:20:50,277 [trainer.py] => init_lr: 0.018461273665041644
2026-10-06 10:20:50,278 [trainer.py] => batch_size: 16
2026-10-06 10:20:50,278 [trainer.py] => weight_decay: 0.0001714081878951529
2026-10-06 10:20:50,278 [trainer.py] => min_lr: 0
2026-10-06 10:20:50,279 [trainer.py] => ffn_num: 64
2026-10-06 10:20:50,279 [trainer.py] => optimizer: sgd
2026-10-06 10:20:50,279 [trainer.py] => scale: 40.0
2026-10-06 10:20:50,279 [trainer.py] => margin: 0.1
2026-10-06 10:20:50,280 [trainer.py] => alpha: 0.5
2026-10-06 10:20:50,280 [trainer.py] => rs_margin: 0.3
2026-10-06 10:20:50,281 [trainer.py] => lambda_rs: 0.2
2026-10-06 10:20:50,281 [trainer.py] => beta: 1.0
2026-10-06 10:20:50,281 [trainer.py] => gamma: 0.4
2026-10-06 10:20:50,282 [trainer.py] => ae_code_dims: 256
2026-10-06 10:20:50,283 [trainer.py] => ae_init_lr: 0.0005611742230603744
2026-10-06 10:20:50,283 [trainer.py] => ae_weight_decay: 0.0029339295871570244
2026-10-06 10:20:50,284 [trainer.py] => semantic_drift: {'enabled': True, 'probe_source': 'test', 'probe_mode': 'test', 'max_samples_per_class': 4}
2026-10-06 10:20:52,342 [data_manager.py] => [68, 56, 78, 8, 23, 84, 90, 65, 74, 76, 40, 89, 3, 92, 55, 9, 26, 80, 43, 38, 58, 70, 77, 1, 85, 19, 17, 50, 28, 53, 13, 81, 45, 82, 6, 59, 83, 16, 15, 44, 91, 41, 72, 60, 79, 52, 20, 10, 31, 54, 37, 95, 14, 71, 96, 98, 97, 2, 64, 66, 42, 22, 35, 86, 24, 34, 87, 21, 99, 0, 88, 27, 18, 94, 11, 12, 47, 25, 30, 46, 62, 69, 36, 61, 7, 63, 75, 5, 32, 4, 51, 48, 73, 93, 39, 67, 29, 49, 57, 33]
2026-10-06 10:22:29,734 [trainer.py] => prefix: adapter_semantic_drift_smoke
2026-10-06 10:22:29,735 [trainer.py] => dataset: cifar224
2026-10-06 10:22:29,735 [trainer.py] => save_checkpoints: False
2026-10-06 10:22:29,736 [trainer.py] => resume: False
2026-10-06 10:22:29,736 [trainer.py] => isolate_runs: True
2026-10-06 10:22:29,737 [trainer.py] => max_tasks_per_run: 2
2026-10-06 10:22:29,737 [trainer.py] => eval_interval: 0
2026-10-06 10:22:29,737 [trainer.py] => ca_eval_interval: 0
2026-10-06 10:22:29,737 [trainer.py] => num_workers: 2
2026-10-06 10:22:29,738 [trainer.py] => stats_num_workers: 2
2026-10-06 10:22:29,738 [trainer.py] => pin_memory: True
2026-10-06 10:22:29,738 [trainer.py] => persistent_workers: True
2026-10-06 10:22:29,739 [trainer.py] => shuffle: True
2026-10-06 10:22:29,739 [trainer.py] => ssca: True
2026-10-06 10:22:29,739 [trainer.py] => ca: True
2026-10-06 10:22:29,740 [trainer.py] => init_cls: 10
2026-10-06 10:22:29,740 [trainer.py] => increment: 10
2026-10-06 10:22:29,740 [trainer.py] => model_name: adapter
2026-10-06 10:22:29,741 [trainer.py] => convnet_type: pretrained_vit_b16_224_in21k_adapter
2026-10-06 10:22:29,741 [trainer.py] => device: [device(type='cuda', index=0)]
2026-10-06 10:22:29,742 [trainer.py] => seed: 1993
2026-10-06 10:22:29,742 [trainer.py] => init_epochs: 1
2026-10-06 10:22:29,743 [trainer.py] => warmup_epoch: 1
2026-10-06 10:22:29,744 [trainer.py] => inc_epochs: 1
2026-10-06 10:22:29,744 [trainer.py] => ca_epochs: 1
2026-10-06 10:22:29,745 [trainer.py] => init_lr: 0.018461273665041644
2026-10-06 10:22:29,745 [trainer.py] => batch_size: 16
2026-10-06 10:22:29,746 [trainer.py] => weight_decay: 0.0001714081878951529
2026-10-06 10:22:29,746 [trainer.py] => min_lr: 0
2026-10-06 10:22:29,746 [trainer.py] => ffn_num: 64
2026-10-06 10:22:29,747 [trainer.py] => optimizer: sgd
2026-10-06 10:22:29,747 [trainer.py] => scale: 40.0
2026-10-06 10:22:29,748 [trainer.py] => margin: 0.1
2026-10-06 10:22:29,748 [trainer.py] => alpha: 0.5
2026-10-06 10:22:29,748 [trainer.py] => rs_margin: 0.3
2026-10-06 10:22:29,749 [trainer.py] => lambda_rs: 0.2
2026-10-06 10:22:29,749 [trainer.py] => beta: 1.0
2026-10-06 10:22:29,749 [trainer.py] => gamma: 0.4
2026-10-06 10:22:29,750 [trainer.py] => ae_code_dims: 256
2026-10-06 10:22:29,750 [trainer.py] => ae_init_lr: 0.0005611742230603744
2026-10-06 10:22:29,750 [trainer.py] => ae_weight_decay: 0.0029339295871570244
2026-10-06 10:22:29,751 [trainer.py] => semantic_drift: {'enabled': True, 'probe_source': 'test', 'probe_mode': 'test', 'max_samples_per_class': 4}
2026-10-06 10:22:32,387 [data_manager.py] => [68, 56, 78, 8, 23, 84, 90, 65, 74, 76, 40, 89, 3, 92, 55, 9, 26, 80, 43, 38, 58, 70, 77, 1, 85, 19, 17, 50, 28, 53, 13, 81, 45, 82, 6, 59, 83, 16, 15, 44, 91, 41, 72, 60, 79, 52, 20, 10, 31, 54, 37, 95, 14, 71, 96, 98, 97, 2, 64, 66, 42, 22, 35, 86, 24, 34, 87, 21, 99, 0, 88, 27, 18, 94, 11, 12, 47, 25, 30, 46, 62, 69, 36, 61, 7, 63, 75, 5, 32, 4, 51, 48, 73, 93, 39, 67, 29, 49, 57, 33]
2026-10-06 10:23:04,079 [trainer.py] => prefix: adapter_semantic_drift_smoke
2026-10-06 10:23:04,080 [trainer.py] => dataset: cifar224
2026-10-06 10:23:04,080 [trainer.py] => save_checkpoints: False
2026-10-06 10:23:04,081 [trainer.py] => resume: False
2026-10-06 10:23:04,081 [trainer.py] => isolate_runs: True
2026-10-06 10:23:04,081 [trainer.py] => max_tasks_per_run: 2
2026-10-06 10:23:04,082 [trainer.py] => eval_interval: 0
2026-10-06 10:23:04,082 [trainer.py] => ca_eval_interval: 0
2026-10-06 10:23:04,082 [trainer.py] => num_workers: 2
2026-10-06 10:23:04,082 [trainer.py] => stats_num_workers: 2
2026-10-06 10:23:04,083 [trainer.py] => pin_memory: True
2026-10-06 10:23:04,083 [trainer.py] => persistent_workers: True
2026-10-06 10:23:04,083 [trainer.py] => shuffle: True
2026-10-06 10:23:04,083 [trainer.py] => ssca: True
2026-10-06 10:23:04,084 [trainer.py] => ca: True
2026-10-06 10:23:04,084 [trainer.py] => init_cls: 10
2026-10-06 10:23:04,084 [trainer.py] => increment: 10
2026-10-06 10:23:04,084 [trainer.py] => model_name: adapter
2026-10-06 10:23:04,084 [trainer.py] => convnet_type: pretrained_vit_b16_224_in21k_adapter
2026-10-06 10:23:04,084 [trainer.py] => device: [device(type='cuda', index=0)]
2026-10-06 10:23:04,084 [trainer.py] => seed: 1993
2026-10-06 10:23:04,085 [trainer.py] => init_epochs: 1
2026-10-06 10:23:04,085 [trainer.py] => warmup_epoch: 1
2026-10-06 10:23:04,085 [trainer.py] => inc_epochs: 1
2026-10-06 10:23:04,085 [trainer.py] => ca_epochs: 1
2026-10-06 10:23:04,085 [trainer.py] => init_lr: 0.018461273665041644
2026-10-06 10:23:04,085 [trainer.py] => batch_size: 16
2026-10-06 10:23:04,085 [trainer.py] => weight_decay: 0.0001714081878951529
2026-10-06 10:23:04,085 [trainer.py] => min_lr: 0
2026-10-06 10:23:04,085 [trainer.py] => ffn_num: 64
2026-10-06 10:23:04,085 [trainer.py] => optimizer: sgd
2026-10-06 10:23:04,085 [trainer.py] => scale: 40.0
2026-10-06 10:23:04,085 [trainer.py] => margin: 0.1
2026-10-06 10:23:04,085 [trainer.py] => alpha: 0.5
2026-10-06 10:23:04,085 [trainer.py] => rs_margin: 0.3
2026-10-06 10:23:04,085 [trainer.py] => lambda_rs: 0.2
2026-10-06 10:23:04,085 [trainer.py] => beta: 1.0
2026-10-06 10:23:04,085 [trainer.py] => gamma: 0.4
2026-10-06 10:23:04,085 [trainer.py] => ae_code_dims: 256
2026-10-06 10:23:04,085 [trainer.py] => ae_init_lr: 0.0005611742230603744
2026-10-06 10:23:04,085 [trainer.py] => ae_weight_decay: 0.0029339295871570244
2026-10-06 10:23:04,086 [trainer.py] => semantic_drift: {'enabled': True, 'probe_source': 'test', 'probe_mode': 'test', 'max_samples_per_class': 4}
2026-10-06 10:23:06,267 [data_manager.py] => [68, 56, 78, 8, 23, 84, 90, 65, 74, 76, 40, 89, 3, 92, 55, 9, 26, 80, 43, 38, 58, 70, 77, 1, 85, 19, 17, 50, 28, 53, 13, 81, 45, 82, 6, 59, 83, 16, 15, 44, 91, 41, 72, 60, 79, 52, 20, 10, 31, 54, 37, 95, 14, 71, 96, 98, 97, 2, 64, 66, 42, 22, 35, 86, 24, 34, 87, 21, 99, 0, 88, 27, 18, 94, 11, 12, 47, 25, 30, 46, 62, 69, 36, 61, 7, 63, 75, 5, 32, 4, 51, 48, 73, 93, 39, 67, 29, 49, 57, 33]
2026-10-06 10:23:09,640 [_builder.py] => Loading pretrained weights from Hugging Face hub (timm/vit_base_patch16_224.augreg_in21k)
2026-10-06 10:23:10,204 [_client.py] => HTTP Request: GET https://huggingface.co/api/agent-harnesses "HTTP/1.1 200 OK"
2026-10-06 10:23:10,475 [_client.py] => HTTP Request: HEAD https://huggingface.co/timm/vit_base_patch16_224.augreg_in21k/resolve/main/model.safetensors "HTTP/1.1 302 Found"
2026-10-06 10:23:10,477 [_http.py] => Warning: You are sending unauthenticated requests to the HF Hub. Please set a HF_TOKEN to enable higher rate limits and faster downloads.
2026-10-06 10:23:11,819 [_client.py] => HTTP Request: GET https://huggingface.co/api/models/timm/vit_base_patch16_224.augreg_in21k/xet-read-token/bb70896cd6bffdd579c3d4f7284f39d0c4ab46c3 "HTTP/1.1 200 OK"
2026-10-06 10:26:32,378 [_hub.py] => [timm/vit_base_patch16_224.augreg_in21k] Safe alternative available for 'pytorch_model.bin' (as 'model.safetensors'). Loading weights using safetensors.
2026-10-06 10:27:01,132 [trainer.py] => prefix: adapter_semantic_drift_smoke
2026-10-06 10:27:01,133 [trainer.py] => dataset: cifar224
2026-10-06 10:27:01,133 [trainer.py] => save_checkpoints: False
2026-10-06 10:27:01,134 [trainer.py] => resume: False
2026-10-06 10:27:01,134 [trainer.py] => isolate_runs: True
2026-10-06 10:27:01,135 [trainer.py] => max_tasks_per_run: 2
2026-10-06 10:27:01,135 [trainer.py] => eval_interval: 0
2026-10-06 10:27:01,135 [trainer.py] => ca_eval_interval: 0
2026-10-06 10:27:01,136 [trainer.py] => num_workers: 2
2026-10-06 10:27:01,136 [trainer.py] => stats_num_workers: 2
2026-10-06 10:27:01,137 [trainer.py] => pin_memory: True
2026-10-06 10:27:01,137 [trainer.py] => persistent_workers: True
2026-10-06 10:27:01,137 [trainer.py] => shuffle: True
2026-10-06 10:27:01,138 [trainer.py] => ssca: True
2026-10-06 10:27:01,138 [trainer.py] => ca: True
2026-10-06 10:27:01,139 [trainer.py] => init_cls: 10
2026-10-06 10:27:01,139 [trainer.py] => increment: 10
2026-10-06 10:27:01,139 [trainer.py] => model_name: adapter
2026-10-06 10:27:01,139 [trainer.py] => convnet_type: pretrained_vit_b16_224_in21k_adapter
2026-10-06 10:27:01,140 [trainer.py] => device: [device(type='cuda', index=0)]
2026-10-06 10:27:01,140 [trainer.py] => seed: 1993
2026-10-06 10:27:01,140 [trainer.py] => init_epochs: 1
2026-10-06 10:27:01,140 [trainer.py] => warmup_epoch: 1
2026-10-06 10:27:01,140 [trainer.py] => inc_epochs: 1
2026-10-06 10:27:01,140 [trainer.py] => ca_epochs: 1
2026-10-06 10:27:01,140 [trainer.py] => init_lr: 0.018461273665041644
2026-10-06 10:27:01,140 [trainer.py] => batch_size: 16
2026-10-06 10:27:01,140 [trainer.py] => weight_decay: 0.0001714081878951529
2026-10-06 10:27:01,140 [trainer.py] => min_lr: 0
2026-10-06 10:27:01,141 [trainer.py] => ffn_num: 64
2026-10-06 10:27:01,141 [trainer.py] => optimizer: sgd
2026-10-06 10:27:01,141 [trainer.py] => scale: 40.0
2026-10-06 10:27:01,141 [trainer.py] => margin: 0.1
2026-10-06 10:27:01,141 [trainer.py] => alpha: 0.5
2026-10-06 10:27:01,141 [trainer.py] => rs_margin: 0.3
2026-10-06 10:27:01,141 [trainer.py] => lambda_rs: 0.2
2026-10-06 10:27:01,141 [trainer.py] => beta: 1.0
2026-10-06 10:27:01,141 [trainer.py] => gamma: 0.4
2026-10-06 10:27:01,141 [trainer.py] => ae_code_dims: 256
2026-10-06 10:27:01,142 [trainer.py] => ae_init_lr: 0.0005611742230603744
2026-10-06 10:27:01,142 [trainer.py] => ae_weight_decay: 0.0029339295871570244
2026-10-06 10:27:01,142 [trainer.py] => semantic_drift: {'enabled': True, 'probe_source': 'test', 'probe_mode': 'test', 'max_samples_per_class': 4}
2026-10-06 10:27:03,246 [data_manager.py] => [68, 56, 78, 8, 23, 84, 90, 65, 74, 76, 40, 89, 3, 92, 55, 9, 26, 80, 43, 38, 58, 70, 77, 1, 85, 19, 17, 50, 28, 53, 13, 81, 45, 82, 6, 59, 83, 16, 15, 44, 91, 41, 72, 60, 79, 52, 20, 10, 31, 54, 37, 95, 14, 71, 96, 98, 97, 2, 64, 66, 42, 22, 35, 86, 24, 34, 87, 21, 99, 0, 88, 27, 18, 94, 11, 12, 47, 25, 30, 46, 62, 69, 36, 61, 7, 63, 75, 5, 32, 4, 51, 48, 73, 93, 39, 67, 29, 49, 57, 33]
2026-10-06 10:27:06,955 [_builder.py] => Loading pretrained weights from Hugging Face hub (timm/vit_base_patch16_224.augreg_in21k)
2026-10-06 10:27:07,300 [_client.py] => HTTP Request: HEAD https://huggingface.co/timm/vit_base_patch16_224.augreg_in21k/resolve/main/model.safetensors "HTTP/1.1 302 Found"
2026-10-06 10:27:07,301 [_http.py] => Warning: You are sending unauthenticated requests to the HF Hub. Please set a HF_TOKEN to enable higher rate limits and faster downloads.
2026-10-06 10:27:07,304 [_hub.py] => [timm/vit_base_patch16_224.augreg_in21k] Safe alternative available for 'pytorch_model.bin' (as 'model.safetensors'). Loading weights using safetensors.
2026-10-06 10:27:07,591 [trainer.py] => This run will process tasks [0, 2).
2026-10-06 10:27:07,592 [trainer.py] => All params: 86988288
2026-10-06 10:27:07,593 [trainer.py] => Trainable params: 1189632
2026-10-06 10:27:07,595 [RSIAT_adapter.py] => Learning on 0-10
