2026-10-06 10:27:23,894 [trainer.py] => prefix: adapter_semantic_drift_smoke
2026-10-06 10:27:23,895 [trainer.py] => dataset: cifar224
2026-10-06 10:27:23,895 [trainer.py] => save_checkpoints: False
2026-10-06 10:27:23,895 [trainer.py] => resume: False
2026-10-06 10:27:23,895 [trainer.py] => isolate_runs: True
2026-10-06 10:27:23,896 [trainer.py] => max_tasks_per_run: 2
2026-10-06 10:27:23,896 [trainer.py] => eval_interval: 0
2026-10-06 10:27:23,896 [trainer.py] => ca_eval_interval: 0
2026-10-06 10:27:23,898 [trainer.py] => num_workers: 0
2026-10-06 10:27:23,898 [trainer.py] => stats_num_workers: 0
2026-10-06 10:27:23,898 [trainer.py] => pin_memory: False
2026-10-06 10:27:23,898 [trainer.py] => persistent_workers: False
2026-10-06 10:27:23,898 [trainer.py] => shuffle: True
2026-10-06 10:27:23,898 [trainer.py] => ssca: True
2026-10-06 10:27:23,899 [trainer.py] => ca: True
2026-10-06 10:27:23,899 [trainer.py] => init_cls: 1
2026-10-06 10:27:23,899 [trainer.py] => increment: 1
2026-10-06 10:27:23,899 [trainer.py] => model_name: adapter
2026-10-06 10:27:23,899 [trainer.py] => convnet_type: pretrained_vit_b16_224_in21k_adapter
2026-10-06 10:27:23,899 [trainer.py] => device: [device(type='cpu')]
2026-10-06 10:27:23,899 [trainer.py] => seed: 1993
2026-10-06 10:27:23,899 [trainer.py] => init_epochs: 1
2026-10-06 10:27:23,899 [trainer.py] => warmup_epoch: 1
2026-10-06 10:27:23,899 [trainer.py] => inc_epochs: 1
2026-10-06 10:27:23,899 [trainer.py] => ca_epochs: 1
2026-10-06 10:27:23,899 [trainer.py] => init_lr: 0.018461273665041644
2026-10-06 10:27:23,899 [trainer.py] => batch_size: 512
2026-10-06 10:27:23,899 [trainer.py] => weight_decay: 0.0001714081878951529
2026-10-06 10:27:23,899 [trainer.py] => min_lr: 0
2026-10-06 10:27:23,899 [trainer.py] => ffn_num: 64
2026-10-06 10:27:23,900 [trainer.py] => optimizer: sgd
2026-10-06 10:27:23,900 [trainer.py] => scale: 40.0
2026-10-06 10:27:23,900 [trainer.py] => margin: 0.1
2026-10-06 10:27:23,900 [trainer.py] => alpha: 0.5
2026-10-06 10:27:23,900 [trainer.py] => rs_margin: 0.3
2026-10-06 10:27:23,900 [trainer.py] => lambda_rs: 0.2
2026-10-06 10:27:23,900 [trainer.py] => beta: 1.0
2026-10-06 10:27:23,900 [trainer.py] => gamma: 0.4
2026-10-06 10:27:23,900 [trainer.py] => ae_code_dims: 256
2026-10-06 10:27:23,900 [trainer.py] => ae_init_lr: 0.0005611742230603744
2026-10-06 10:27:23,900 [trainer.py] => ae_weight_decay: 0.0029339295871570244
2026-10-06 10:27:23,901 [trainer.py] => semantic_drift: {'enabled': True, 'probe_source': 'test', 'probe_mode': 'test', 'max_samples_per_class': 4}
2026-10-06 10:27:26,348 [data_manager.py] => [68, 56, 78, 8, 23, 84, 90, 65, 74, 76, 40, 89, 3, 92, 55, 9, 26, 80, 43, 38, 58, 70, 77, 1, 85, 19, 17, 50, 28, 53, 13, 81, 45, 82, 6, 59, 83, 16, 15, 44, 91, 41, 72, 60, 79, 52, 20, 10, 31, 54, 37, 95, 14, 71, 96, 98, 97, 2, 64, 66, 42, 22, 35, 86, 24, 34, 87, 21, 99, 0, 88, 27, 18, 94, 11, 12, 47, 25, 30, 46, 62, 69, 36, 61, 7, 63, 75, 5, 32, 4, 51, 48, 73, 93, 39, 67, 29, 49, 57, 33]
2026-10-06 10:27:30,087 [_builder.py] => Loading pretrained weights from Hugging Face hub (timm/vit_base_patch16_224.augreg_in21k)
2026-10-06 10:27:30,425 [_client.py] => HTTP Request: HEAD https://huggingface.co/timm/vit_base_patch16_224.augreg_in21k/resolve/main/model.safetensors "HTTP/1.1 302 Found"
2026-10-06 10:27:30,426 [_http.py] => Warning: You are sending unauthenticated requests to the HF Hub. Please set a HF_TOKEN to enable higher rate limits and faster downloads.
2026-10-06 10:27:30,428 [_hub.py] => [timm/vit_base_patch16_224.augreg_in21k] Safe alternative available for 'pytorch_model.bin' (as 'model.safetensors'). Loading weights using safetensors.
2026-10-06 10:27:30,652 [trainer.py] => This run will process tasks [0, 2).
2026-10-06 10:27:30,653 [trainer.py] => All params: 86988288
2026-10-06 10:27:30,654 [trainer.py] => Trainable params: 1189632
2026-10-06 10:27:30,657 [RSIAT_adapter.py] => Learning on 0-1
2026-10-06 10:27:30,666 [toolkit.py] => All params: 86244864
2026-10-06 10:27:30,667 [toolkit.py] => Trainable params: 1190400
2026-10-06 10:31:03,802 [RSIAT_adapter.py] => Task 0, Epoch 1/1 => Loss 0.000, Loss_c 0.000, Losses_rt 0.000, Train_accy 100.00, Test_accy 100.00
