2026-10-06 10:04:47,951 [trainer.py] => config: exps\keeplora_cifar224_semantic_drift_smoke.json
2026-10-06 10:04:47,951 [trainer.py] => prefix: keeplora_semantic_drift_smoke
2026-10-06 10:04:47,951 [trainer.py] => dataset: cifar224
2026-10-06 10:04:47,951 [trainer.py] => save_checkpoints: False
2026-10-06 10:04:47,951 [trainer.py] => resume: False
2026-10-06 10:04:47,952 [trainer.py] => isolate_runs: True
2026-10-06 10:04:47,952 [trainer.py] => max_tasks_per_run: 1
2026-10-06 10:04:47,952 [trainer.py] => eval_interval: 0
2026-10-06 10:04:47,952 [trainer.py] => ca_eval_interval: 0
2026-10-06 10:04:47,952 [trainer.py] => num_workers: 2
2026-10-06 10:04:47,952 [trainer.py] => stats_num_workers: 2
2026-10-06 10:04:47,953 [trainer.py] => pin_memory: True
2026-10-06 10:04:47,953 [trainer.py] => persistent_workers: True
2026-10-06 10:04:47,953 [trainer.py] => shuffle: True
2026-10-06 10:04:47,953 [trainer.py] => ssca: True
2026-10-06 10:04:47,953 [trainer.py] => ca: True
2026-10-06 10:04:47,953 [trainer.py] => init_cls: 10
2026-10-06 10:04:47,953 [trainer.py] => increment: 10
2026-10-06 10:04:47,953 [trainer.py] => model_name: keeplora
2026-10-06 10:04:47,953 [trainer.py] => convnet_type: pretrained_vit_b16_224_in21k_keeplora
2026-10-06 10:04:47,953 [trainer.py] => device: [device(type='cuda', index=0)]
2026-10-06 10:04:47,954 [trainer.py] => seed: 1993
2026-10-06 10:04:47,954 [trainer.py] => init_epochs: 1
2026-10-06 10:04:47,954 [trainer.py] => warmup_epoch: 1
2026-10-06 10:04:47,954 [trainer.py] => inc_epochs: 1
2026-10-06 10:04:47,954 [trainer.py] => ca_epochs: 1
2026-10-06 10:04:47,954 [trainer.py] => init_lr: 0.018461273665041644
2026-10-06 10:04:47,954 [trainer.py] => batch_size: 16
2026-10-06 10:04:47,955 [trainer.py] => weight_decay: 0.0001714081878951529
2026-10-06 10:04:47,955 [trainer.py] => min_lr: 0
2026-10-06 10:04:47,955 [trainer.py] => ffn_num: 64
2026-10-06 10:04:47,955 [trainer.py] => optimizer: sgd
2026-10-06 10:04:47,955 [trainer.py] => scale: 40.0
2026-10-06 10:04:47,955 [trainer.py] => margin: 0.1
2026-10-06 10:04:47,956 [trainer.py] => alpha: 0.5
2026-10-06 10:04:47,956 [trainer.py] => rs_margin: 0.3
2026-10-06 10:04:47,956 [trainer.py] => lambda_rs: 0.2
2026-10-06 10:04:47,956 [trainer.py] => beta: 1.0
2026-10-06 10:04:47,956 [trainer.py] => gamma: 0.4
2026-10-06 10:04:47,956 [trainer.py] => ae_code_dims: 256
2026-10-06 10:04:47,956 [trainer.py] => ae_init_lr: 0.0005611742230603744
2026-10-06 10:04:47,956 [trainer.py] => ae_weight_decay: 0.0029339295871570244
2026-10-06 10:04:47,956 [trainer.py] => keeplora_rank: 32
2026-10-06 10:04:47,956 [trainer.py] => keeplora_alpha: 2
2026-10-06 10:04:47,957 [trainer.py] => keeplora_targets: ['q', 'k', 'v', 'o']
2026-10-06 10:04:47,957 [trainer.py] => keeplora_weight_threshold: 0.85
2026-10-06 10:04:47,957 [trainer.py] => keeplora_feature_threshold: 0.99
2026-10-06 10:04:47,957 [trainer.py] => keeplora_feature_samples: 0
2026-10-06 10:04:47,957 [trainer.py] => keeplora_grad_batches: 0
2026-10-06 10:04:47,957 [trainer.py] => keeplora_feature_batches: 0
2026-10-06 10:04:47,957 [trainer.py] => semantic_drift: {'enabled': True, 'probe_source': 'test', 'probe_mode': 'test', 'max_samples_per_class': 4}
2026-10-06 10:16:20,524 [data_manager.py] => [68, 56, 78, 8, 23, 84, 90, 65, 74, 76, 40, 89, 3, 92, 55, 9, 26, 80, 43, 38, 58, 70, 77, 1, 85, 19, 17, 50, 28, 53, 13, 81, 45, 82, 6, 59, 83, 16, 15, 44, 91, 41, 72, 60, 79, 52, 20, 10, 31, 54, 37, 95, 14, 71, 96, 98, 97, 2, 64, 66, 42, 22, 35, 86, 24, 34, 87, 21, 99, 0, 88, 27, 18, 94, 11, 12, 47, 25, 30, 46, 62, 69, 36, 61, 7, 63, 75, 5, 32, 4, 51, 48, 73, 93, 39, 67, 29, 49, 57, 33]
2026-10-06 10:18:27,421 [trainer.py] => config: exps\keeplora_cifar224_semantic_drift_smoke.json
2026-10-06 10:18:27,422 [trainer.py] => prefix: keeplora_semantic_drift_smoke
2026-10-06 10:18:27,422 [trainer.py] => dataset: cifar224
2026-10-06 10:18:27,422 [trainer.py] => save_checkpoints: False
2026-10-06 10:18:27,422 [trainer.py] => resume: False
2026-10-06 10:18:27,422 [trainer.py] => isolate_runs: True
2026-10-06 10:18:27,422 [trainer.py] => max_tasks_per_run: 1
2026-10-06 10:18:27,422 [trainer.py] => eval_interval: 0
2026-10-06 10:18:27,422 [trainer.py] => ca_eval_interval: 0
2026-10-06 10:18:27,423 [trainer.py] => num_workers: 2
2026-10-06 10:18:27,423 [trainer.py] => stats_num_workers: 2
2026-10-06 10:18:27,423 [trainer.py] => pin_memory: True
2026-10-06 10:18:27,423 [trainer.py] => persistent_workers: True
2026-10-06 10:18:27,423 [trainer.py] => shuffle: True
2026-10-06 10:18:27,423 [trainer.py] => ssca: True
2026-10-06 10:18:27,424 [trainer.py] => ca: True
2026-10-06 10:18:27,424 [trainer.py] => init_cls: 10
2026-10-06 10:18:27,424 [trainer.py] => increment: 10
2026-10-06 10:18:27,424 [trainer.py] => model_name: keeplora
2026-10-06 10:18:27,424 [trainer.py] => convnet_type: pretrained_vit_b16_224_in21k_keeplora
2026-10-06 10:18:27,424 [trainer.py] => device: [device(type='cuda', index=0)]
2026-10-06 10:18:27,425 [trainer.py] => seed: 1993
2026-10-06 10:18:27,425 [trainer.py] => init_epochs: 1
2026-10-06 10:18:27,425 [trainer.py] => warmup_epoch: 1
2026-10-06 10:18:27,425 [trainer.py] => inc_epochs: 1
2026-10-06 10:18:27,425 [trainer.py] => ca_epochs: 1
2026-10-06 10:18:27,425 [trainer.py] => init_lr: 0.018461273665041644
2026-10-06 10:18:27,425 [trainer.py] => batch_size: 16
2026-10-06 10:18:27,425 [trainer.py] => weight_decay: 0.0001714081878951529
2026-10-06 10:18:27,425 [trainer.py] => min_lr: 0
2026-10-06 10:18:27,425 [trainer.py] => ffn_num: 64
2026-10-06 10:18:27,425 [trainer.py] => optimizer: sgd
2026-10-06 10:18:27,425 [trainer.py] => scale: 40.0
2026-10-06 10:18:27,425 [trainer.py] => margin: 0.1
2026-10-06 10:18:27,426 [trainer.py] => alpha: 0.5
2026-10-06 10:18:27,426 [trainer.py] => rs_margin: 0.3
2026-10-06 10:18:27,426 [trainer.py] => lambda_rs: 0.2
2026-10-06 10:18:27,426 [trainer.py] => beta: 1.0
2026-10-06 10:18:27,426 [trainer.py] => gamma: 0.4
2026-10-06 10:18:27,426 [trainer.py] => ae_code_dims: 256
2026-10-06 10:18:27,426 [trainer.py] => ae_init_lr: 0.0005611742230603744
2026-10-06 10:18:27,426 [trainer.py] => ae_weight_decay: 0.0029339295871570244
2026-10-06 10:18:27,426 [trainer.py] => keeplora_rank: 32
2026-10-06 10:18:27,426 [trainer.py] => keeplora_alpha: 2
2026-10-06 10:18:27,426 [trainer.py] => keeplora_targets: ['q', 'k', 'v', 'o']
2026-10-06 10:18:27,426 [trainer.py] => keeplora_weight_threshold: 0.85
2026-10-06 10:18:27,426 [trainer.py] => keeplora_feature_threshold: 0.99
2026-10-06 10:18:27,426 [trainer.py] => keeplora_feature_samples: 0
2026-10-06 10:18:27,427 [trainer.py] => keeplora_grad_batches: 0
2026-10-06 10:18:27,427 [trainer.py] => keeplora_feature_batches: 0
2026-10-06 10:18:27,427 [trainer.py] => semantic_drift: {'enabled': True, 'probe_source': 'test', 'probe_mode': 'test', 'max_samples_per_class': 4}
2026-10-06 10:18:29,837 [data_manager.py] => [68, 56, 78, 8, 23, 84, 90, 65, 74, 76, 40, 89, 3, 92, 55, 9, 26, 80, 43, 38, 58, 70, 77, 1, 85, 19, 17, 50, 28, 53, 13, 81, 45, 82, 6, 59, 83, 16, 15, 44, 91, 41, 72, 60, 79, 52, 20, 10, 31, 54, 37, 95, 14, 71, 96, 98, 97, 2, 64, 66, 42, 22, 35, 86, 24, 34, 87, 21, 99, 0, 88, 27, 18, 94, 11, 12, 47, 25, 30, 46, 62, 69, 36, 61, 7, 63, 75, 5, 32, 4, 51, 48, 73, 93, 39, 67, 29, 49, 57, 33]
2026-10-06 10:18:56,374 [trainer.py] => config: exps\keeplora_cifar224_semantic_drift_smoke.json
2026-10-06 10:18:56,375 [trainer.py] => prefix: keeplora_semantic_drift_smoke
2026-10-06 10:18:56,375 [trainer.py] => dataset: cifar224
2026-10-06 10:18:56,376 [trainer.py] => save_checkpoints: False
2026-10-06 10:18:56,376 [trainer.py] => resume: False
2026-10-06 10:18:56,377 [trainer.py] => isolate_runs: True
2026-10-06 10:18:56,377 [trainer.py] => max_tasks_per_run: 1
2026-10-06 10:18:56,378 [trainer.py] => eval_interval: 0
2026-10-06 10:18:56,378 [trainer.py] => ca_eval_interval: 0
2026-10-06 10:18:56,379 [trainer.py] => num_workers: 2
2026-10-06 10:18:56,379 [trainer.py] => stats_num_workers: 2
2026-10-06 10:18:56,380 [trainer.py] => pin_memory: True
2026-10-06 10:18:56,380 [trainer.py] => persistent_workers: True
2026-10-06 10:18:56,381 [trainer.py] => shuffle: True
2026-10-06 10:18:56,381 [trainer.py] => ssca: True
2026-10-06 10:18:56,381 [trainer.py] => ca: True
2026-10-06 10:18:56,381 [trainer.py] => init_cls: 10
2026-10-06 10:18:56,381 [trainer.py] => increment: 10
2026-10-06 10:18:56,381 [trainer.py] => model_name: keeplora
2026-10-06 10:18:56,381 [trainer.py] => convnet_type: pretrained_vit_b16_224_in21k_keeplora
2026-10-06 10:18:56,381 [trainer.py] => device: [device(type='cuda', index=0)]
2026-10-06 10:18:56,381 [trainer.py] => seed: 1993
2026-10-06 10:18:56,381 [trainer.py] => init_epochs: 1
2026-10-06 10:18:56,382 [trainer.py] => warmup_epoch: 1
2026-10-06 10:18:56,382 [trainer.py] => inc_epochs: 1
2026-10-06 10:18:56,382 [trainer.py] => ca_epochs: 1
2026-10-06 10:18:56,382 [trainer.py] => init_lr: 0.018461273665041644
2026-10-06 10:18:56,382 [trainer.py] => batch_size: 16
2026-10-06 10:18:56,382 [trainer.py] => weight_decay: 0.0001714081878951529
2026-10-06 10:18:56,382 [trainer.py] => min_lr: 0
2026-10-06 10:18:56,382 [trainer.py] => ffn_num: 64
2026-10-06 10:18:56,382 [trainer.py] => optimizer: sgd
2026-10-06 10:18:56,382 [trainer.py] => scale: 40.0
2026-10-06 10:18:56,383 [trainer.py] => margin: 0.1
2026-10-06 10:18:56,383 [trainer.py] => alpha: 0.5
2026-10-06 10:18:56,383 [trainer.py] => rs_margin: 0.3
2026-10-06 10:18:56,383 [trainer.py] => lambda_rs: 0.2
2026-10-06 10:18:56,383 [trainer.py] => beta: 1.0
2026-10-06 10:18:56,383 [trainer.py] => gamma: 0.4
2026-10-06 10:18:56,383 [trainer.py] => ae_code_dims: 256
2026-10-06 10:18:56,383 [trainer.py] => ae_init_lr: 0.0005611742230603744
2026-10-06 10:18:56,383 [trainer.py] => ae_weight_decay: 0.0029339295871570244
2026-10-06 10:18:56,383 [trainer.py] => keeplora_rank: 32
2026-10-06 10:18:56,383 [trainer.py] => keeplora_alpha: 2
2026-10-06 10:18:56,384 [trainer.py] => keeplora_targets: ['q', 'k', 'v', 'o']
2026-10-06 10:18:56,384 [trainer.py] => keeplora_weight_threshold: 0.85
2026-10-06 10:18:56,384 [trainer.py] => keeplora_feature_threshold: 0.99
2026-10-06 10:18:56,384 [trainer.py] => keeplora_feature_samples: 0
2026-10-06 10:18:56,384 [trainer.py] => keeplora_grad_batches: 0
2026-10-06 10:18:56,384 [trainer.py] => keeplora_feature_batches: 0
2026-10-06 10:18:56,384 [trainer.py] => semantic_drift: {'enabled': True, 'probe_source': 'test', 'probe_mode': 'test', 'max_samples_per_class': 4}
2026-10-06 10:18:58,547 [data_manager.py] => [68, 56, 78, 8, 23, 84, 90, 65, 74, 76, 40, 89, 3, 92, 55, 9, 26, 80, 43, 38, 58, 70, 77, 1, 85, 19, 17, 50, 28, 53, 13, 81, 45, 82, 6, 59, 83, 16, 15, 44, 91, 41, 72, 60, 79, 52, 20, 10, 31, 54, 37, 95, 14, 71, 96, 98, 97, 2, 64, 66, 42, 22, 35, 86, 24, 34, 87, 21, 99, 0, 88, 27, 18, 94, 11, 12, 47, 25, 30, 46, 62, 69, 36, 61, 7, 63, 75, 5, 32, 4, 51, 48, 73, 93, 39, 67, 29, 49, 57, 33]
